// Jest Snapshot v1, https://goo.gl/fbAQLP

exports[`VueRemark snapshot 1`] = `
<div>
  <h1>h1 Heading</h1>
  <h2>h2 Heading</h2>
  <h3>h3 Heading</h3>
  <h4>h4 Heading</h4>
  <h5>h5 Heading</h5>
  <h6>h6 Heading</h6>
  <h2>Horizontal Rules</h2>
  <hr>
  <hr>
  <hr>
  <h2>Emphasis</h2>
  <p><strong>This is bold text</strong></p>
  <p><strong>This is bold text</strong></p>
  <p><em>This is italic text</em></p>
  <p><em>This is italic text</em></p>
  <p><del>Strikethrough</del></p>
  <h2>Blockquotes</h2>
  <blockquote>
    <p>Blockquotes can also be nested...</p>
    <blockquote>
      <p>...by using additional greater-than signs right next to each other...</p>
      <blockquote>
        <p>...or with spaces between arrows.</p>
      </blockquote>
    </blockquote>
  </blockquote>
  <h2>Lists</h2>
  <p>Unordered</p>
  <ul>
    <li>
      <!----> Create a list by starting a line with <code>+</code>, <code>-</code>, or <code>*</code>
    </li>
    <li>
      <!----> Sub-lists are made by indenting 2 spaces:<ul>
        <li>
          <!----> Marker character change forces new list start:<ul>
            <li>
              <!----> Ac tristique libero volutpat at
            </li>
          </ul>
          <ul>
            <li>
              <!----> Facilisis in pretium nisl aliquet
            </li>
          </ul>
          <ul>
            <li>
              <!----> Nulla volutpat aliquam velit
            </li>
          </ul>
        </li>
      </ul>
    </li>
    <li>
      <!----> Very easy!
    </li>
  </ul>
  <p>Ordered</p>
  <ol start="1">
    <li>
      <!----> Lorem ipsum dolor sit amet
    </li>
    <li>
      <!----> Consectetur adipiscing elit
    </li>
    <li>
      <!----> Integer molestie lorem at massa
    </li>
  </ol>
  <p>1) You can use sequential numbers...
    1) ...or keep all the numbers as <code>1.</code></p>
  <p>Start numbering with offset:</p>
  <ol start="57">
    <li>
      <!----> foo
    </li>
    <li>
      <!----> bar
    </li>
  </ol>
  <p>Loose lists?</p>
  <ul>
    <li>
      <!----> foo
    </li>
    <li>
      <!----> bar
    </li>
  </ul>
  <p>Checkboxes</p>
  <ul>
    <li><input type="checkbox" readonly="readonly"> foo<ul>
        <li><input type="checkbox" readonly="readonly"> bar</li>
        <li><input type="checkbox" readonly="readonly"> baz</li>
      </ul>
    </li>
    <li><input type="checkbox" readonly="readonly"> bim</li>
  </ul>
  <h2>Code</h2>
  <p>Inline <code>code</code></p>
  <p>Indented code</p><pre>  <code>// Some comments
line 1 of code
line 2 of code
line 3 of code</code>
</pre>
  <p>Block code "fences"</p><pre>  <code>Sample text here...</code>
</pre>
  <p>Syntax highlighting</p><pre>  <code class="language-js">var foo = function(bar) {
  return bar++;
};

console.log(foo(5));</code>
</pre>
  <h2>Tables</h2>
  <table>
    <tr>
      <td>Tag</td>
      <td>Use</td>
    </tr>
    <tr>
      <td>p</td>
      <td>Paragraph</td>
    </tr>
    <tr>
      <td>table</td>
      <td>Table</td>
    </tr>
    <tr>
      <td>em</td>
      <td>Emphasis</td>
    </tr>
  </table>
  <p>Left/right aligned columns</p>
  <table>
    <tr>
      <td align="left">Project</td>
      <td align="right">Stars</td>
    </tr>
    <tr>
      <td align="left">React</td>
      <td align="right">80 759</td>
    </tr>
    <tr>
      <td align="left">Vue.js</td>
      <td align="right">73 322</td>
    </tr>
    <tr>
      <td align="left">sse-channel</td>
      <td align="right">50</td>
    </tr>
  </table>
  <h2>Links</h2>
  <p><a href="https://espen.codes/">Espen.Codes</a></p>
  <p><a title="Sanity, the headless CMS and PaaS" href="https://www.sanity.io/">Sanity</a></p>
  <p>Autoconverted link <a href="https://github.com/rexxars/react-markdown">https://github.com/rexxars/react-markdown</a></p>
  <p><a>Link references</a></p>
  <!---->
  <h2>Images</h2>
  <p><img src="https://espen.codes/assets/projects/react-markdown/320x180.png" alt="React Markdown">
    <img title="Mead, on-the-fly image transformer" src="https://espen.codes/assets/projects/mead/320x180.png" alt="Mead">
  </p>
  <p>Like links, Images also have a footnote style syntax</p>
  <p><img title="Headless CMS" src="https://public.sanity.io/modell_@2x.png" alt="Alt text"></p>
  <p>With a reference later in the document defining the URL location:</p>
  <!---->
  <h2>Hard breaks</h2>
  <p>Yeah, hard breaks
    can be useful too.</p>
  <h2>HTML entities</h2>
  <p>Some characters, like Ã¦, &amp; and similar should be handled properly.</p>
  <h3>Using Shortcodes</h3>
  <p>{{&gt; MailchimpForm id="chfk2" &lt;}}</p>
</div>
`;

exports[`VueRemark when providing plugins and renderers correctly applies them 1`] = `
<div>
  <h3>Using Shortcodes</h3>
  <div id="chfk2">MailchimpForm</div>
</div>
`;
